// Jest Snapshot v1, https://goo.gl/fbAQLP

exports[`Button render 1`] = `
<button
  className={[MockFunction]}
  onClick={[MockFunction]}
/>
`;
