// Jest Snapshot v1, https://goo.gl/fbAQLP

exports[`Link Element rendering 1`] = `
<div>
  <Button
    button="Fight !"
    class="fight-button"
    onClick={[Function]}
  />
</div>
`;
