// Jest Snapshot v1, https://goo.gl/fbAQLP

exports[`Footer render 1`] = `<footer />`;
