// Jest Snapshot v1, https://goo.gl/fbAQLP

exports[`Header render 1`] = `
<header>
  <div
    className="Header-container"
  >
    <img
      className="App-logo"
      src=""
    />
  </div>
  <p
    className="score"
  />
</header>
`;
