// Jest Snapshot v1, https://goo.gl/fbAQLP

exports[`Paragraph render 1`] = `<p />`;
